node.exe : VITE_PRINT_AGENT_DOWNLOAD_URL is not set. The print agent download link will be hidden until it is configured.
At line:1 char:1
+ & "C:\Program Files\nodejs/node.exe" "C:\Program Files\nodejs/node_mo ...
+ ~~~~~~~~~~~~~~~~~~~~~~~~~~~~~~~~~~~~~~~~~~~~~~~~~~~~~~~~~~~~~~~~~~~~~
    + CategoryInfo          : NotSpecified: (VITE_PRINT_AGEN... is configured.:String) [], RemoteException
    + FullyQualifiedErrorId : NativeCommandError
 
[36mvite v8.0.16 [32mbuilding client environment for production...[36m[39m
[2K
transforming...Γ£ô 3423 modules transformed.
rendering chunks...
computing gzip size...
dist/manifest.webmanifest                                0.37 kB
dist/captain.html                                        2.26 kB Γöé gzip:   0.81 kB
dist/index.html                                          3.76 kB Γöé gzip:   1.24 kB
dist/assets/ErrorBoundary-BSp35gHr.css                 145.48 kB Γöé gzip:  22.15 kB
dist/assets/getCurrentRestaurantId-DLIfO6AS.js           0.16 kB Γöé gzip:   0.14 kB
dist/assets/pen-CSAdqLRU.js                              0.24 kB Γöé gzip:   0.21 kB
dist/assets/definitions-MJaFAxlN.js                      0.35 kB Γöé gzip:   0.25 kB
dist/assets/web-Cv4GmhWi.js                              0.37 kB Γöé gzip:   0.25 kB
dist/assets/jsx-runtime-DH2xEEJA.js                      0.42 kB Γöé gzip:   0.30 kB
dist/assets/chunk-M0oDzQ_3.js                            0.82 kB Γöé gzip:   0.47 kB
dist/assets/web-CGotLstT.js                              0.85 kB Γöé gzip:   0.41 kB
dist/assets/esm-BkjyV5jf.js                              0.93 kB Γöé gzip:   0.57 kB
dist/assets/web-AZVUvqqH.js                              0.96 kB Γöé gzip:   0.49 kB
dist/assets/preload-helper-oqrbLIOc.js                   1.28 kB Γöé gzip:   0.75 kB
dist/assets/captain-D44RQm2j.js                          1.34 kB Γöé gzip:   0.60 kB
dist/assets/createLucideIcon-BNw-Lv4E.js                 1.42 kB Γöé gzip:   0.81 kB
dist/assets/apiConfig--w9IC83V.js                        2.66 kB Γöé gzip:   1.23 kB
dist/assets/qzTray-D_FtMGhn.js                           3.23 kB Γöé gzip:   2.08 kB
dist/assets/TableQRCodes-CD9dxJGU.js                     5.18 kB Γöé gzip:   1.99 kB
dist/assets/authService-DTUqx_t0.js                      5.41 kB Γöé gzip:   1.75 kB
dist/assets/react-BNTXfDy6.js                            7.55 kB Γöé gzip:   2.91 kB
dist/assets/AppsSection-C02mxuOJ.js                      7.57 kB Γöé gzip:   2.26 kB
dist/assets/CaptainPerformanceDashboard-CYJmr3lG.js      8.29 kB Γöé gzip:   2.57 kB
dist/assets/web-hZJDQPJ1.js                              8.73 kB Γöé gzip:   2.97 kB
dist/assets/PriceProfilesPage-CZQSxSdv.js                9.13 kB Γöé gzip:   3.02 kB
dist/assets/web-CR81gB-p.js                             12.20 kB Γöé gzip:   2.82 kB
dist/assets/offlineDB-BMwrkgZ-.js                       12.73 kB Γöé gzip:   2.77 kB
dist/assets/OutletsOverview-DRglFi75.js                 13.20 kB Γöé gzip:   3.34 kB
dist/assets/PrinterSettingsPage-8Sr7BEeo.js             15.60 kB Γöé gzip:   4.57 kB
dist/assets/SurveillanceDashboard-DbTe-lQq.js           15.94 kB Γöé gzip:   5.15 kB
dist/assets/AdminTransactions-BaJ-oP5-.js               16.33 kB Γöé gzip:   4.62 kB
dist/assets/AdminExpenditures-0esvfjph.js               19.88 kB Γöé gzip:   4.81 kB
dist/assets/purify-j7yroajq.js                          22.09 kB Γöé gzip:   8.85 kB
dist/assets/qz-tray-D87oI1wT.js                         30.95 kB Γöé gzip:   9.13 kB
dist/assets/TodaySpecials-CgaI157a.js                   37.27 kB Γöé gzip:   7.93 kB
dist/assets/AdminDailyBalanceSheet-BwdOcPGs.js          47.01 kB Γöé gzip:  12.74 kB
dist/assets/SettingsPage-CdoVlPLc.js                    64.39 kB Γöé gzip:  13.99 kB
dist/assets/index.es-CjUv37ud.js                       153.60 kB Γöé gzip:  50.79 kB
dist/assets/html2canvas-BLzfeErh.js                    201.06 kB Γöé gzip:  47.71 kB
dist/assets/BarChart-DGoKqEbQ.js                       348.71 kB Γöé gzip: 106.52 kB
dist/assets/jspdf.es.min-DJz0KSIE.js                   352.75 kB Γöé gzip: 117.32 kB
dist/assets/ErrorBoundary-DIY8TBKn.js                  717.05 kB Γöé gzip: 222.36 kB
dist/assets/AdminComponents-_tZDYZvk.js                781.51 kB Γöé gzip: 202.00 kB
dist/assets/main-BwVWmq-M.js                         1,075.70 kB Γöé gzip: 287.33 kB

[33m[33m[INEFFECTIVE_DYNAMIC_IMPORT] [0mnode_modules/firebase/auth/dist/esm/index.esm.js is dynamically imported by src/lib/phoneAuth.js but also statically imported by 
node_modules/@capacitor-firebase/authentication/dist/esm/web.js, src/lib/phoneAuth.js, dynamic import will not move module into another chunk.
[39m
[33m[33m[INEFFECTIVE_DYNAMIC_IMPORT] [0msrc/utils/printOffline.js is dynamically imported by src/cashier/CashierDashboard.jsx, src/utils/syncEngine.js but also statically imported by 
src/captain/CaptainApp.jsx, src/cashier/CashierDashboard.jsx, src/cashier/ExpenditureModule.jsx, src/cashier/XReportSection.jsx, src/services/orderApi.js, ..., dynamic import will not move 
module into another chunk.
[39m
[33m[33m[INEFFECTIVE_DYNAMIC_IMPORT] [0mnode_modules/@capacitor/core/dist/index.js is dynamically imported by src/hooks/useSettlementGuards.js, src/utils/printOffline.js but also statically 
imported by node_modules/@capacitor-firebase/authentication/dist/esm/index.js, node_modules/@capacitor-firebase/authentication/dist/esm/web.js, node_modules/@capacitor/app/dist/esm/index.js, 
node_modules/@capacitor/app/dist/esm/web.js, node_modules/@capacitor/filesystem/dist/esm/index.js, ..., dynamic import will not move module into another chunk.
[39m
[32mΓ£ô built in 1.77s[39m

PWA v1.3.0
Building src/sw.js service worker ("es" format)...
[36mvite v8.0.16 [32mbuilding client environment for production...[36m[39m

[43m[30m WARN [39m[49m [36minlineDynamicImports[39m option is deprecated, please use [36mcodeSplitting: false[39m instead.

[2K
transforming...Γ£ô 78 modules transformed.
rendering chunks...
computing gzip size...
dist/sw.mjs  25.52 kB Γöé gzip: 8.27 kB

[32mΓ£ô built in 67ms[39m

PWA v1.3.0
mode      injectManifest
format:   es
precache  49 entries (4948.49 KiB)
files generated
  dist/sw.js
